[     249ms] [INFO] %cDownload the React DevTools for a better development experience: https://react.dev/link/react-devtools font-weight:bold @ http://localhost:3981/_next/static/chunks/16jc_next_dist_1otos7v._.js:2477
[     304ms] [LOG] [HMR] connected @ http://localhost:3981/_next/static/chunks/16jc_next_dist_1otos7v._.js:2477
[   66288ms] [ERROR] Failed to load resource: the server responded with a status of 400 (Bad Request) @ http://localhost:3976/reddit/connect:0
[  153111ms] [LOG] [Fast Refresh] rebuilding @ http://localhost:3981/_next/static/chunks/16jc_next_dist_1otos7v._.js:2477
[  153140ms] [LOG] [Fast Refresh] done in 130ms @ http://localhost:3981/_next/static/chunks/16jc_next_dist_1otos7v._.js:2477
[  169452ms] [LOG] [Fast Refresh] rebuilding @ http://localhost:3981/_next/static/chunks/16jc_next_dist_1otos7v._.js:2477
[  169469ms] [LOG] [Fast Refresh] done in 118ms @ http://localhost:3981/_next/static/chunks/16jc_next_dist_1otos7v._.js:2477
[  243862ms] [LOG] [Fast Refresh] rebuilding @ http://localhost:3981/_next/static/chunks/16jc_next_dist_1otos7v._.js:2477
[  244345ms] [LOG] [Fast Refresh] done in 583ms @ http://localhost:3981/_next/static/chunks/16jc_next_dist_1otos7v._.js:2477
[  273567ms] [LOG] [Fast Refresh] rebuilding @ http://localhost:3981/_next/static/chunks/16jc_next_dist_1otos7v._.js:2477
[  274214ms] [LOG] [Fast Refresh] done in 748ms @ http://localhost:3981/_next/static/chunks/16jc_next_dist_1otos7v._.js:2477
[  300179ms] [LOG] [Fast Refresh] rebuilding @ http://localhost:3981/_next/static/chunks/16jc_next_dist_1otos7v._.js:2477
[  301104ms] [LOG] [Fast Refresh] done in 834ms @ http://localhost:3981/_next/static/chunks/16jc_next_dist_1otos7v._.js:2477
[  325049ms] [LOG] [Fast Refresh] rebuilding @ http://localhost:3981/_next/static/chunks/16jc_next_dist_1otos7v._.js:2477
[  325405ms] [LOG] [Fast Refresh] done in 457ms @ http://localhost:3981/_next/static/chunks/16jc_next_dist_1otos7v._.js:2477
[  368396ms] [LOG] [Fast Refresh] rebuilding @ http://localhost:3981/_next/static/chunks/16jc_next_dist_1otos7v._.js:2477
[  369174ms] [LOG] [Fast Refresh] done in 730ms @ http://localhost:3981/_next/static/chunks/16jc_next_dist_1otos7v._.js:2477
[  385676ms] [LOG] [Fast Refresh] rebuilding @ http://localhost:3981/_next/static/chunks/16jc_next_dist_1otos7v._.js:2477
[  386374ms] [LOG] [Fast Refresh] done in 802ms @ http://localhost:3981/_next/static/chunks/16jc_next_dist_1otos7v._.js:2477
[  400342ms] [LOG] [Fast Refresh] rebuilding @ http://localhost:3981/_next/static/chunks/16jc_next_dist_1otos7v._.js:2477
[  401130ms] [LOG] [Fast Refresh] done in 743ms @ http://localhost:3981/_next/static/chunks/16jc_next_dist_1otos7v._.js:2477
[  428636ms] [LOG] [Fast Refresh] rebuilding @ http://localhost:3981/_next/static/chunks/16jc_next_dist_1otos7v._.js:2477
[  428646ms] [LOG] [Fast Refresh] done in 111ms @ http://localhost:3981/_next/static/chunks/16jc_next_dist_1otos7v._.js:2477
[  458813ms] [LOG] [Fast Refresh] rebuilding @ http://localhost:3981/_next/static/chunks/16jc_next_dist_1otos7v._.js:2477
[  459221ms] [LOG] [Fast Refresh] done in 350ms @ http://localhost:3981/_next/static/chunks/16jc_next_dist_1otos7v._.js:2477
