[     136ms] [VERBOSE] [DOM] Input elements should have autocomplete attributes (suggested: "current-password"): (More info: https://goo.gl/9p2vKq) %o @ http://localhost:3001/register:0
[     271ms] [INFO] %cDownload the React DevTools for a better development experience: https://react.dev/link/react-devtools font-weight:bold @ http://localhost:3001/_next/static/chunks/16jc_next_dist_1otos7v._.js:2477
[     329ms] [LOG] [HMR] connected @ http://localhost:3001/_next/static/chunks/16jc_next_dist_1otos7v._.js:2477
[    3719ms] [WARNING] Detected `scroll-behavior: smooth` on the `<html>` element. To disable smooth scrolling during route transitions, add `data-scroll-behavior="smooth"` to your <html> element. Learn more: https://nextjs.org/docs/messages/missing-data-scroll-behavior @ http://localhost:3001/_next/static/chunks/16jc_next_dist_1otos7v._.js:2477
[    3819ms] [VERBOSE] [DOM] Input elements should have autocomplete attributes (suggested: "current-password"): (More info: https://goo.gl/9p2vKq) %o @ http://localhost:3001/login:0
[   36963ms] [ERROR] Failed to load resource: the server responded with a status of 400 (Bad Request) @ http://localhost:3000/telegram/connect:0
[   57143ms] [WARNING] Error with Permissions-Policy header: Unrecognized feature: 'bluetooth'. @ :0
[   59632ms] [VERBOSE] [DOM] Input elements should have autocomplete attributes (suggested: "current-password"): (More info: https://goo.gl/9p2vKq) %o @ https://www.facebook.com/login.php?skip_api_login=1&api_key=1682483072974323&kid_directed_site=0&app_id=1682483072974323&signed_next=1&next=https%3A%2F%2Fwww.facebook.com%2Fdialog%2Foauth%3Fclient_id%3D1682483072974323%26redirect_uri%3Dhttp%253A%252F%252Flocalhost%253A3000%252Finstagram%252Fcallback%26scope%3Dinstagram_business_basic%252Cinstagram_business_manage_insights%252Cpages_show_list%252Cpages_read_engagement%252Cpublic_profile%252Cemail%26response_type%3Dcode%26state%3D6bc4222e-9794-4936-8c5f-0439f9ee9d91.1783941929688.1e911b7a63967953ac4e8ff82aad910a8d8cbe08078941647374ee9439f542d2%26ret%3Dlogin%26fbapp_pres%3D0%26logger_id%3D019f5b39-9d53-7d7d-aac0-d76155c66dad%26tp%3Dunspecified&cancel_url=https%3A%2F%2Flocalhost%3A3000%2Finstagram%2Fcallback%3Ferror%3Daccess_denied%26error_code%3D200%26error_description%3DPermissions%2Berror%26error_reason%3Duser_denied%26state%3D6bc4222e-9794-4936-8c5f-0439f9ee9d91.1783941929688.1e911b7a63967953ac4e8ff82aad910a8d8cbe08078941647374ee9439f542d2%23_%3D_&display=page&locale=en_US&pl_dbl=0&is_business_login=1:0
[   63806ms] [VERBOSE] [DOM] Input elements should have autocomplete attributes (suggested: "current-password"): (More info: https://goo.gl/9p2vKq) %o @ https://www.facebook.com/login.php?skip_api_login=1&api_key=1682483072974323&kid_directed_site=0&app_id=1682483072974323&signed_next=1&next=https%3A%2F%2Fwww.facebook.com%2Fdialog%2Foauth%3Fclient_id%3D1682483072974323%26redirect_uri%3Dhttp%253A%252F%252Flocalhost%253A3000%252Finstagram%252Fcallback%26scope%3Dinstagram_business_basic%252Cinstagram_business_manage_insights%252Cpages_show_list%252Cpages_read_engagement%252Cpublic_profile%252Cemail%26response_type%3Dcode%26state%3D6bc4222e-9794-4936-8c5f-0439f9ee9d91.1783941929688.1e911b7a63967953ac4e8ff82aad910a8d8cbe08078941647374ee9439f542d2%26ret%3Dlogin%26fbapp_pres%3D0%26logger_id%3D019f5b39-9d53-7d7d-aac0-d76155c66dad%26tp%3Dunspecified&cancel_url=https%3A%2F%2Flocalhost%3A3000%2Finstagram%2Fcallback%3Ferror%3Daccess_denied%26error_code%3D200%26error_description%3DPermissions%2Berror%26error_reason%3Duser_denied%26state%3D6bc4222e-9794-4936-8c5f-0439f9ee9d91.1783941929688.1e911b7a63967953ac4e8ff82aad910a8d8cbe08078941647374ee9439f542d2%23_%3D_&display=page&locale=en_US&pl_dbl=0&is_business_login=1:0
[   64461ms] [LOG] 
%cStop! font-family:helvetica; font-size:20px; font-size:50px; font-weight:bold; color:red; -webkit-text-stroke:1px black; @ https://static.xx.fbcdn.net/rsrc.php/v4/yD/r/J6C86az-0qm.js:246
[   64461ms] [LOG] 
%cThis is a browser feature intended for developers. If someone told you to copy-paste something here to enable a Facebook feature or "hack" someone's account, it's a scam and will give them access to your Facebook account. font-family:helvetica; font-size:20px;  @ https://static.xx.fbcdn.net/rsrc.php/v4/yD/r/J6C86az-0qm.js:246
[   64461ms] [LOG] 
%cSee https://www.facebook.com/selfxss for more information. font-family:helvetica; font-size:20px;  @ https://static.xx.fbcdn.net/rsrc.php/v4/yD/r/J6C86az-0qm.js:246
[   64461ms] [LOG] 
%c  @ https://static.xx.fbcdn.net/rsrc.php/v4/yD/r/J6C86az-0qm.js:246
[   67778ms] [INFO] %cDownload the React DevTools for a better development experience: https://react.dev/link/react-devtools font-weight:bold @ http://localhost:3001/_next/static/chunks/16jc_next_dist_1otos7v._.js:2477
[   67856ms] [LOG] [HMR] connected @ http://localhost:3001/_next/static/chunks/16jc_next_dist_1otos7v._.js:2477
[  106305ms] [ERROR] Failed to load resource: the server responded with a status of 400 (Bad Request) @ http://localhost:3000/youtube/connect:0
