[     132ms] [LOG] [Fast Refresh] rebuilding @ http://localhost:3981/_next/static/chunks/16jc_next_dist_1otos7v._.js:2477
[     233ms] [LOG] [Fast Refresh] done in 202ms @ http://localhost:3981/_next/static/chunks/16jc_next_dist_1otos7v._.js:2477
[     978ms] [INFO] %cDownload the React DevTools for a better development experience: https://react.dev/link/react-devtools font-weight:bold @ http://localhost:3981/_next/static/chunks/16jc_next_dist_1otos7v._.js:2477
[    1015ms] [LOG] [HMR] connected @ http://localhost:3981/_next/static/chunks/16jc_next_dist_1otos7v._.js:2477
[    1195ms] [LOG] [Fast Refresh] rebuilding @ http://localhost:3981/_next/static/chunks/16jc_next_dist_1otos7v._.js:2477
[    1245ms] [LOG] [Fast Refresh] done in 161ms @ http://localhost:3981/_next/static/chunks/16jc_next_dist_1otos7v._.js:2477
[    1249ms] [ERROR] Failed to load resource: the server responded with a status of 404 (Not Found) @ http://localhost:3976/websites/17483128-d894-4ae9-bfd4-c78b6562f0bc:0
[    1280ms] AxiosError: Request failed with status code 404
    at settle (http://localhost:3981/_next/static/chunks/node_modules__pnpm_1cc6gv-._.js:11128:16)
    at XMLHttpRequest.onloadend (http://localhost:3981/_next/static/chunks/node_modules__pnpm_1cc6gv-._.js:11762:225)
    at Axios.request (http://localhost:3981/_next/static/chunks/node_modules__pnpm_1cc6gv-._.js:12899:49)
    at async Promise.all (index 0)
    at async WebsiteAnalyticsPage.useCallback[load] (http://localhost:3981/_next/static/chunks/src_0zckdgq._.js:924:59)
[    1376ms] [ERROR] Failed to load resource: the server responded with a status of 404 (Not Found) @ http://localhost:3976/websites/17483128-d894-4ae9-bfd4-c78b6562f0bc:0
[    1391ms] AxiosError: Request failed with status code 404
    at settle (http://localhost:3981/_next/static/chunks/node_modules__pnpm_1cc6gv-._.js:11128:16)
    at XMLHttpRequest.onloadend (http://localhost:3981/_next/static/chunks/node_modules__pnpm_1cc6gv-._.js:11762:225)
    at Axios.request (http://localhost:3981/_next/static/chunks/node_modules__pnpm_1cc6gv-._.js:12899:49)
    at async Promise.all (index 0)
    at async WebsiteAnalyticsPage.useCallback[load] (http://localhost:3981/_next/static/chunks/src_0zckdgq._.js:924:59)
[   49249ms] [ERROR] Failed to load resource: net::ERR_INCOMPLETE_CHUNKED_ENCODING @ http://localhost:3976/websites/17483128-d894-4ae9-bfd4-c78b6562f0bc/realtime/stream?token=eyJhbGciOiJIUzI1NiIsInR5cCI6IkpXVCJ9.eyJzdWIiOiI4MmFlYzk0ZS0wMWUwLTRmNjktYWFjOC0wZTVjODk3NzdiYTYiLCJlbWFpbCI6ImJyb3dzZXJ0ZXN0XzFAZXhhbXBsZS5jb20iLCJpYXQiOjE3ODQwNDMzMzUsImV4cCI6MTc4NDA0NDIzNX0.uChX1BTxPrfVveZkJfuCaHARGtQzN2rwXeyFudrDRyE:0
