[     213ms] [INFO] %cDownload the React DevTools for a better development experience: https://react.dev/link/react-devtools font-weight:bold @ http://localhost:3981/_next/static/chunks/16jc_next_dist_1otos7v._.js:2477
[     251ms] [LOG] [HMR] connected @ http://localhost:3981/_next/static/chunks/16jc_next_dist_1otos7v._.js:2477
[   43791ms] [VERBOSE] [DOM] Input elements should have autocomplete attributes (suggested: "new-password"): (More info: https://goo.gl/9p2vKq) %o @ http://localhost:3981/settings:0
[  129049ms] [LOG] [Fast Refresh] rebuilding @ http://localhost:3981/_next/static/chunks/16jc_next_dist_1otos7v._.js:2477
[  129378ms] [LOG] [Fast Refresh] done in 366ms @ http://localhost:3981/_next/static/chunks/16jc_next_dist_1otos7v._.js:2477
[  143308ms] [LOG] [Fast Refresh] rebuilding @ http://localhost:3981/_next/static/chunks/16jc_next_dist_1otos7v._.js:2477
[  143331ms] [LOG] [Fast Refresh] done in 123ms @ http://localhost:3981/_next/static/chunks/16jc_next_dist_1otos7v._.js:2477
[  166280ms] [LOG] [Fast Refresh] rebuilding @ http://localhost:3981/_next/static/chunks/16jc_next_dist_1otos7v._.js:2477
[  166675ms] [LOG] [Fast Refresh] done in 519ms @ http://localhost:3981/_next/static/chunks/16jc_next_dist_1otos7v._.js:2477
[  173659ms] [LOG] [Fast Refresh] rebuilding @ http://localhost:3981/_next/static/chunks/16jc_next_dist_1otos7v._.js:2477
[  173942ms] [LOG] [Fast Refresh] done in 384ms @ http://localhost:3981/_next/static/chunks/16jc_next_dist_1otos7v._.js:2477
[  195324ms] [LOG] [Fast Refresh] rebuilding @ http://localhost:3981/_next/static/chunks/16jc_next_dist_1otos7v._.js:2477
[  195713ms] [LOG] [Fast Refresh] done in 489ms @ http://localhost:3981/_next/static/chunks/16jc_next_dist_1otos7v._.js:2477
[  213399ms] [LOG] [Fast Refresh] rebuilding @ http://localhost:3981/_next/static/chunks/16jc_next_dist_1otos7v._.js:2477
[  213753ms] [LOG] [Fast Refresh] done in 455ms @ http://localhost:3981/_next/static/chunks/16jc_next_dist_1otos7v._.js:2477
[  231818ms] [LOG] [Fast Refresh] rebuilding @ http://localhost:3981/_next/static/chunks/16jc_next_dist_1otos7v._.js:2477
[  232146ms] [LOG] [Fast Refresh] done in 429ms @ http://localhost:3981/_next/static/chunks/16jc_next_dist_1otos7v._.js:2477
[  248276ms] [LOG] [Fast Refresh] rebuilding @ http://localhost:3981/_next/static/chunks/16jc_next_dist_1otos7v._.js:2477
[  248665ms] [LOG] [Fast Refresh] done in 489ms @ http://localhost:3981/_next/static/chunks/16jc_next_dist_1otos7v._.js:2477
[  328840ms] [LOG] [Fast Refresh] rebuilding @ http://localhost:3981/_next/static/chunks/16jc_next_dist_1otos7v._.js:2477
[  329261ms] [LOG] [Fast Refresh] done in 522ms @ http://localhost:3981/_next/static/chunks/16jc_next_dist_1otos7v._.js:2477
