[  164920ms] [WARNING] Error with Permissions-Policy header: Unrecognized feature: 'bluetooth'. @ :0
[  165259ms] [VERBOSE] [DOM] Input elements should have autocomplete attributes (suggested: "current-password"): (More info: https://goo.gl/9p2vKq) %o @ https://www.facebook.com/login.php?skip_api_login=1&api_key=1682483072974323&kid_directed_site=0&app_id=1682483072974323&signed_next=1&next=https%3A%2F%2Fwww.facebook.com%2Fdialog%2Foauth%3Fclient_id%3D1682483072974323%26redirect_uri%3Dhttp%253A%252F%252Flocalhost%253A3000%252Finstagram%252Fcallback%26scope%3Dinstagram_business_basic%252Cinstagram_business_manage_insights%252Cpages_show_list%252Cpages_read_engagement%252Cpublic_profile%252Cemail%26response_type%3Dcode%26state%3D86f7c533-dfcd-4025-990a-6d7d61f39a78.1784117936786.2e0c5dae727ab4a75e525bc71fd4bfa90d4b5aab22e4bfd884d791d0aca143e8%26ret%3Dlogin%26fbapp_pres%3D0%26logger_id%3D019f65b7-4368-79ae-9329-e89fb369a335%26tp%3Dunspecified&cancel_url=https%3A%2F%2Flocalhost%3A3000%2Finstagram%2Fcallback%3Ferror%3Daccess_denied%26error_code%3D200%26error_description%3DPermissions%2Berror%26error_reason%3Duser_denied%26state%3D86f7c533-dfcd-4025-990a-6d7d61f39a78.1784117936786.2e0c5dae727ab4a75e525bc71fd4bfa90d4b5aab22e4bfd884d791d0aca143e8%23_%3D_&display=page&locale=en_US&pl_dbl=0&is_business_login=1:0
[  165444ms] [LOG] 
%cStop! font-family:helvetica; font-size:20px; font-size:50px; font-weight:bold; color:red; -webkit-text-stroke:1px black; @ https://static.xx.fbcdn.net/rsrc.php/v4/yt/r/5mkLTytSiJX.js:246
[  165444ms] [LOG] 
%cThis is a browser feature intended for developers. If someone told you to copy-paste something here to enable a Facebook feature or "hack" someone's account, it's a scam and will give them access to your Facebook account. font-family:helvetica; font-size:20px;  @ https://static.xx.fbcdn.net/rsrc.php/v4/yt/r/5mkLTytSiJX.js:246
[  165444ms] [LOG] 
%cSee https://www.facebook.com/selfxss for more information. font-family:helvetica; font-size:20px;  @ https://static.xx.fbcdn.net/rsrc.php/v4/yt/r/5mkLTytSiJX.js:246
[  165444ms] [LOG] 
%c  @ https://static.xx.fbcdn.net/rsrc.php/v4/yt/r/5mkLTytSiJX.js:246
[  288114ms] [ERROR] ErrorUtils caught an error:

Missing cryptedUid for successful web login

Subsequent non-fatal errors won't be logged; see https://fburl.com/debugjs. {column: 17878, clientTime: 1784118060, extra: Object, guardList: Array(1), hash: ay0ygu} @ https://static.xx.fbcdn.net/rsrc.php/v4/yt/r/5mkLTytSiJX.js:79
[  288402ms] [WARNING] Error with Permissions-Policy header: Unrecognized feature: 'bluetooth'. @ :0
[  289673ms] [WARNING] Error with Permissions-Policy header: Unrecognized feature: 'bluetooth'. @ :0
[  290203ms] [WARNING] Error with Permissions-Policy header: Unrecognized feature: 'bluetooth'. @ :0
[  290472ms] [ERROR] ErrorUtils caught an error:

terminate stream because StartStreamFailure with msg : UNAUTHENTICATED [Caught in: Subscription error in preprocessResponse]

Subsequent non-fatal errors won't be logged; see https://fburl.com/debugjs. {column: 180, clientTime: 1784118062, extra: Object, guardList: Array(0), hash: 3qkwop} @ https://static.xx.fbcdn.net/rsrc.php/v4/yt/r/5mkLTytSiJX.js:79
[  290476ms] [LOG] 
%cStop! font-family:helvetica; font-size:20px; font-size:50px; font-weight:bold; color:red; -webkit-text-stroke:1px black; @ https://static.xx.fbcdn.net/rsrc.php/v4/yt/r/5mkLTytSiJX.js:246
[  290476ms] [LOG] 
%cThis is a browser feature intended for developers. If someone told you to copy-paste something here to enable a Facebook feature or "hack" someone's account, it's a scam and will give them access to your Facebook account. font-family:helvetica; font-size:20px;  @ https://static.xx.fbcdn.net/rsrc.php/v4/yt/r/5mkLTytSiJX.js:246
[  290476ms] [LOG] 
%cSee https://www.facebook.com/selfxss for more information. font-family:helvetica; font-size:20px;  @ https://static.xx.fbcdn.net/rsrc.php/v4/yt/r/5mkLTytSiJX.js:246
[  290476ms] [LOG] 
%c  @ https://static.xx.fbcdn.net/rsrc.php/v4/yt/r/5mkLTytSiJX.js:246
[  290728ms] [ERROR] Permissions policy violation: unload is not allowed in this document. @ https://static.xx.fbcdn.net/rsrc.php/v4/yT/r/WHHGydz6uYT.js:322
[  318481ms] [WARNING] Error with Permissions-Policy header: Unrecognized feature: 'bluetooth'. @ :0
[  319007ms] [LOG] 
%cTo‘xtang! font-family:helvetica; font-size:20px; font-size:50px; font-weight:bold; color:red; -webkit-text-stroke:1px black; @ https://static.xx.fbcdn.net/rsrc.php/v4igsw4/ya/l/uz_UZ-j/cgh8ydnUXU2p4fQNrC4n7ngsFIVK4DUVrmxTMP7VoXxdaT7gE2X67XrTE-BU3sEuhwkuYBe90FVcJWUw-MU-mjVihFeAg05WTdXgo5B1XMi7Ykl1c33i0D7rKLRrB5z_YeC9ecvQsd7unsSRKKt4kDAu_1gXdYivvCwsHhAG1FvGFQsw9NfUSIIH8VwAmR3oRTppVj5cnHOckZpVdIx5B_7Egvxg3sW8GSW98Y7.js:1205
[  319007ms] [LOG] 
%cBu brauzer xususiyati dasturchilar uchun moʻljallangan. Agar kimdir biror Facebook xususiyatini yoqish yoki boshqaning hisobini buzib kirish uchun bu yerga biror nimadan nusxa olib qoʻying degan boʻlsa, bu firibgarlikdir. Bunday qilish orqali unga Facebook hisobingizga kirish imkoniyatini taqdim etasiz. font-family:helvetica; font-size:20px;  @ https://static.xx.fbcdn.net/rsrc.php/v4igsw4/ya/l/uz_UZ-j/cgh8ydnUXU2p4fQNrC4n7ngsFIVK4DUVrmxTMP7VoXxdaT7gE2X67XrTE-BU3sEuhwkuYBe90FVcJWUw-MU-mjVihFeAg05WTdXgo5B1XMi7Ykl1c33i0D7rKLRrB5z_YeC9ecvQsd7unsSRKKt4kDAu_1gXdYivvCwsHhAG1FvGFQsw9NfUSIIH8VwAmR3oRTppVj5cnHOckZpVdIx5B_7Egvxg3sW8GSW98Y7.js:1205
[  319007ms] [LOG] 
%cSee https://www.facebook.com/selfxss for more information. font-family:helvetica; font-size:20px;  @ https://static.xx.fbcdn.net/rsrc.php/v4igsw4/ya/l/uz_UZ-j/cgh8ydnUXU2p4fQNrC4n7ngsFIVK4DUVrmxTMP7VoXxdaT7gE2X67XrTE-BU3sEuhwkuYBe90FVcJWUw-MU-mjVihFeAg05WTdXgo5B1XMi7Ykl1c33i0D7rKLRrB5z_YeC9ecvQsd7unsSRKKt4kDAu_1gXdYivvCwsHhAG1FvGFQsw9NfUSIIH8VwAmR3oRTppVj5cnHOckZpVdIx5B_7Egvxg3sW8GSW98Y7.js:1205
[  319007ms] [LOG] 
%c  @ https://static.xx.fbcdn.net/rsrc.php/v4igsw4/ya/l/uz_UZ-j/cgh8ydnUXU2p4fQNrC4n7ngsFIVK4DUVrmxTMP7VoXxdaT7gE2X67XrTE-BU3sEuhwkuYBe90FVcJWUw-MU-mjVihFeAg05WTdXgo5B1XMi7Ykl1c33i0D7rKLRrB5z_YeC9ecvQsd7unsSRKKt4kDAu_1gXdYivvCwsHhAG1FvGFQsw9NfUSIIH8VwAmR3oRTppVj5cnHOckZpVdIx5B_7Egvxg3sW8GSW98Y7.js:1205
[  330850ms] [WARNING] Error with Permissions-Policy header: Unrecognized feature: 'bluetooth'. @ :0
[  367129ms] [LOG] 
%cTo‘xtang! font-family:helvetica; font-size:20px; font-size:50px; font-weight:bold; color:red; -webkit-text-stroke:1px black; @ https://static.xx.fbcdn.net/rsrc.php/v4if8W4/yM/l/uz_UZ-j/UB-_KOdxEVhIk8utMjRRRTMXubGxfg8F2TxnZOyOPTZafcF84Vs3AWkgi3Ads16-z40BUp41hOqok_8RY1GuC0ZpmTUicQbeKBtrQ7KGT-tFGJrKypTtx-slTUfmkjlAwI4LtYllf4HepkzSt2HT6LsAg5h_JX2q5ajpgJgpgefjfCCggJIozH9rvexH0AY0WQoIEbPQV5kGrn-8TBJZk83qdKwey5bDgTtx5QDfFzOSjcmdQMi5ndSg1Wp2P.js:1830
[  367129ms] [LOG] 
%cBu brauzer xususiyati dasturchilar uchun moʻljallangan. Agar kimdir biror Facebook xususiyatini yoqish yoki boshqaning hisobini buzib kirish uchun bu yerga biror nimadan nusxa olib qoʻying degan boʻlsa, bu firibgarlikdir. Bunday qilish orqali unga Facebook hisobingizga kirish imkoniyatini taqdim etasiz. font-family:helvetica; font-size:20px;  @ https://static.xx.fbcdn.net/rsrc.php/v4if8W4/yM/l/uz_UZ-j/UB-_KOdxEVhIk8utMjRRRTMXubGxfg8F2TxnZOyOPTZafcF84Vs3AWkgi3Ads16-z40BUp41hOqok_8RY1GuC0ZpmTUicQbeKBtrQ7KGT-tFGJrKypTtx-slTUfmkjlAwI4LtYllf4HepkzSt2HT6LsAg5h_JX2q5ajpgJgpgefjfCCggJIozH9rvexH0AY0WQoIEbPQV5kGrn-8TBJZk83qdKwey5bDgTtx5QDfFzOSjcmdQMi5ndSg1Wp2P.js:1830
[  367129ms] [LOG] 
%cSee https://www.facebook.com/selfxss for more information. font-family:helvetica; font-size:20px;  @ https://static.xx.fbcdn.net/rsrc.php/v4if8W4/yM/l/uz_UZ-j/UB-_KOdxEVhIk8utMjRRRTMXubGxfg8F2TxnZOyOPTZafcF84Vs3AWkgi3Ads16-z40BUp41hOqok_8RY1GuC0ZpmTUicQbeKBtrQ7KGT-tFGJrKypTtx-slTUfmkjlAwI4LtYllf4HepkzSt2HT6LsAg5h_JX2q5ajpgJgpgefjfCCggJIozH9rvexH0AY0WQoIEbPQV5kGrn-8TBJZk83qdKwey5bDgTtx5QDfFzOSjcmdQMi5ndSg1Wp2P.js:1830
[  367129ms] [LOG] 
%c  @ https://static.xx.fbcdn.net/rsrc.php/v4if8W4/yM/l/uz_UZ-j/UB-_KOdxEVhIk8utMjRRRTMXubGxfg8F2TxnZOyOPTZafcF84Vs3AWkgi3Ads16-z40BUp41hOqok_8RY1GuC0ZpmTUicQbeKBtrQ7KGT-tFGJrKypTtx-slTUfmkjlAwI4LtYllf4HepkzSt2HT6LsAg5h_JX2q5ajpgJgpgefjfCCggJIozH9rvexH0AY0WQoIEbPQV5kGrn-8TBJZk83qdKwey5bDgTtx5QDfFzOSjcmdQMi5ndSg1Wp2P.js:1830
[  367268ms] [WARNING] Error with Permissions-Policy header: Unrecognized feature: 'bluetooth'. @ :0
[  372188ms] [WARNING] Error with Permissions-Policy header: Unrecognized feature: 'bluetooth'. @ :0
[  372510ms] [LOG] 
%cTo‘xtang! font-family:helvetica; font-size:20px; font-size:50px; font-weight:bold; color:red; -webkit-text-stroke:1px black; @ https://static.xx.fbcdn.net/rsrc.php/v4igsw4/ya/l/uz_UZ-j/cgh8ydnUXU2p4fQNrC4n7ngsFIVK4DUVrmxTMP7VoXxdaT7gE2X67XrTE-BU3sEuhwkuYBe90FVcJWUw-MU-mjVihFeAg05WTdXgo5B1XMi7Ykl1c33i0D7rKLRrB5z_YeC9ecvQsd7unsSRKKt4kDAu_1gXdYivvCwsHhAG1FvGFQsw9NfUSIIH8VwAmR3oRTppVj5cnHOckZpVdIx5B_7Egvxg3sW8GSW98Y7.js:1205
[  372510ms] [LOG] 
%cBu brauzer xususiyati dasturchilar uchun moʻljallangan. Agar kimdir biror Facebook xususiyatini yoqish yoki boshqaning hisobini buzib kirish uchun bu yerga biror nimadan nusxa olib qoʻying degan boʻlsa, bu firibgarlikdir. Bunday qilish orqali unga Facebook hisobingizga kirish imkoniyatini taqdim etasiz. font-family:helvetica; font-size:20px;  @ https://static.xx.fbcdn.net/rsrc.php/v4igsw4/ya/l/uz_UZ-j/cgh8ydnUXU2p4fQNrC4n7ngsFIVK4DUVrmxTMP7VoXxdaT7gE2X67XrTE-BU3sEuhwkuYBe90FVcJWUw-MU-mjVihFeAg05WTdXgo5B1XMi7Ykl1c33i0D7rKLRrB5z_YeC9ecvQsd7unsSRKKt4kDAu_1gXdYivvCwsHhAG1FvGFQsw9NfUSIIH8VwAmR3oRTppVj5cnHOckZpVdIx5B_7Egvxg3sW8GSW98Y7.js:1205
[  372510ms] [LOG] 
%cSee https://www.facebook.com/selfxss for more information. font-family:helvetica; font-size:20px;  @ https://static.xx.fbcdn.net/rsrc.php/v4igsw4/ya/l/uz_UZ-j/cgh8ydnUXU2p4fQNrC4n7ngsFIVK4DUVrmxTMP7VoXxdaT7gE2X67XrTE-BU3sEuhwkuYBe90FVcJWUw-MU-mjVihFeAg05WTdXgo5B1XMi7Ykl1c33i0D7rKLRrB5z_YeC9ecvQsd7unsSRKKt4kDAu_1gXdYivvCwsHhAG1FvGFQsw9NfUSIIH8VwAmR3oRTppVj5cnHOckZpVdIx5B_7Egvxg3sW8GSW98Y7.js:1205
[  372510ms] [LOG] 
%c  @ https://static.xx.fbcdn.net/rsrc.php/v4igsw4/ya/l/uz_UZ-j/cgh8ydnUXU2p4fQNrC4n7ngsFIVK4DUVrmxTMP7VoXxdaT7gE2X67XrTE-BU3sEuhwkuYBe90FVcJWUw-MU-mjVihFeAg05WTdXgo5B1XMi7Ykl1c33i0D7rKLRrB5z_YeC9ecvQsd7unsSRKKt4kDAu_1gXdYivvCwsHhAG1FvGFQsw9NfUSIIH8VwAmR3oRTppVj5cnHOckZpVdIx5B_7Egvxg3sW8GSW98Y7.js:1205
[  376297ms] [WARNING] Error with Permissions-Policy header: Unrecognized feature: 'bluetooth'. @ :0
[  376518ms] [LOG] 
%cTo‘xtang! font-family:helvetica; font-size:20px; font-size:50px; font-weight:bold; color:red; -webkit-text-stroke:1px black; @ https://static.xx.fbcdn.net/rsrc.php/v4igsw4/ya/l/uz_UZ-j/cgh8ydnUXU2p4fQNrC4n7ngsFIVK4DUVrmxTMP7VoXxdaT7gE2X67XrTE-BU3sEuhwkuYBe90FVcJWUw-MU-mjVihFeAg05WTdXgo5B1XMi7Ykl1c33i0D7rKLRrB5z_YeC9ecvQsd7unsSRKKt4kDAu_1gXdYivvCwsHhAG1FvGFQsw9NfUSIIH8VwAmR3oRTppVj5cnHOckZpVdIx5B_7Egvxg3sW8GSW98Y7.js:1205
[  376518ms] [LOG] 
%cBu brauzer xususiyati dasturchilar uchun moʻljallangan. Agar kimdir biror Facebook xususiyatini yoqish yoki boshqaning hisobini buzib kirish uchun bu yerga biror nimadan nusxa olib qoʻying degan boʻlsa, bu firibgarlikdir. Bunday qilish orqali unga Facebook hisobingizga kirish imkoniyatini taqdim etasiz. font-family:helvetica; font-size:20px;  @ https://static.xx.fbcdn.net/rsrc.php/v4igsw4/ya/l/uz_UZ-j/cgh8ydnUXU2p4fQNrC4n7ngsFIVK4DUVrmxTMP7VoXxdaT7gE2X67XrTE-BU3sEuhwkuYBe90FVcJWUw-MU-mjVihFeAg05WTdXgo5B1XMi7Ykl1c33i0D7rKLRrB5z_YeC9ecvQsd7unsSRKKt4kDAu_1gXdYivvCwsHhAG1FvGFQsw9NfUSIIH8VwAmR3oRTppVj5cnHOckZpVdIx5B_7Egvxg3sW8GSW98Y7.js:1205
[  376518ms] [LOG] 
%cSee https://www.facebook.com/selfxss for more information. font-family:helvetica; font-size:20px;  @ https://static.xx.fbcdn.net/rsrc.php/v4igsw4/ya/l/uz_UZ-j/cgh8ydnUXU2p4fQNrC4n7ngsFIVK4DUVrmxTMP7VoXxdaT7gE2X67XrTE-BU3sEuhwkuYBe90FVcJWUw-MU-mjVihFeAg05WTdXgo5B1XMi7Ykl1c33i0D7rKLRrB5z_YeC9ecvQsd7unsSRKKt4kDAu_1gXdYivvCwsHhAG1FvGFQsw9NfUSIIH8VwAmR3oRTppVj5cnHOckZpVdIx5B_7Egvxg3sW8GSW98Y7.js:1205
[  376518ms] [LOG] 
%c  @ https://static.xx.fbcdn.net/rsrc.php/v4igsw4/ya/l/uz_UZ-j/cgh8ydnUXU2p4fQNrC4n7ngsFIVK4DUVrmxTMP7VoXxdaT7gE2X67XrTE-BU3sEuhwkuYBe90FVcJWUw-MU-mjVihFeAg05WTdXgo5B1XMi7Ykl1c33i0D7rKLRrB5z_YeC9ecvQsd7unsSRKKt4kDAu_1gXdYivvCwsHhAG1FvGFQsw9NfUSIIH8VwAmR3oRTppVj5cnHOckZpVdIx5B_7Egvxg3sW8GSW98Y7.js:1205
