[     139ms] [LOG] [Fast Refresh] rebuilding @ http://localhost:3001/_next/static/chunks/16jc_next_dist_1otos7v._.js:2477
[     171ms] [LOG] [Fast Refresh] done in 132ms @ http://localhost:3001/_next/static/chunks/16jc_next_dist_1otos7v._.js:2477
[     469ms] [INFO] %cDownload the React DevTools for a better development experience: https://react.dev/link/react-devtools font-weight:bold @ http://localhost:3001/_next/static/chunks/16jc_next_dist_1otos7v._.js:2477
[     531ms] [LOG] [HMR] connected @ http://localhost:3001/_next/static/chunks/16jc_next_dist_1otos7v._.js:2477
[  101390ms] [ERROR] Failed to load resource: the server responded with a status of 400 (Bad Request) @ http://localhost:3000/reddit/connect:0
[  900769ms] [ERROR] Failed to load resource: the server responded with a status of 401 (Unauthorized) @ http://localhost:3000/notifications/count:0
[ 1800768ms] [ERROR] Failed to load resource: the server responded with a status of 401 (Unauthorized) @ http://localhost:3000/notifications/count:0
[ 2062206ms] [WARNING] Detected `scroll-behavior: smooth` on the `<html>` element. To disable smooth scrolling during route transitions, add `data-scroll-behavior="smooth"` to your <html> element. Learn more: https://nextjs.org/docs/messages/missing-data-scroll-behavior @ http://localhost:3001/_next/static/chunks/16jc_next_dist_1otos7v._.js:2477
[ 2065731ms] [LOG] [Fast Refresh] rebuilding @ http://localhost:3001/_next/static/chunks/16jc_next_dist_1otos7v._.js:2477
[ 2067725ms] [LOG] [Fast Refresh] done in 2094ms @ http://localhost:3001/_next/static/chunks/16jc_next_dist_1otos7v._.js:2477
[ 2068473ms] [LOG] [Fast Refresh] rebuilding @ http://localhost:3001/_next/static/chunks/16jc_next_dist_1otos7v._.js:2477
[ 2068485ms] [LOG] [Fast Refresh] done in 141ms @ http://localhost:3001/_next/static/chunks/16jc_next_dist_1otos7v._.js:2477
[ 2080018ms] [LOG] [Fast Refresh] rebuilding @ http://localhost:3001/_next/static/chunks/16jc_next_dist_1otos7v._.js:2477
[ 2080089ms] [LOG] [Fast Refresh] done in 170ms @ http://localhost:3001/_next/static/chunks/16jc_next_dist_1otos7v._.js:2477
[ 2083713ms] [LOG] [Fast Refresh] rebuilding @ http://localhost:3001/_next/static/chunks/16jc_next_dist_1otos7v._.js:2477
[ 2083777ms] [LOG] [Fast Refresh] done in 165ms @ http://localhost:3001/_next/static/chunks/16jc_next_dist_1otos7v._.js:2477
[ 2091137ms] [LOG] [Fast Refresh] rebuilding @ http://localhost:3001/_next/static/chunks/16jc_next_dist_1otos7v._.js:2477
[ 2091198ms] [LOG] [Fast Refresh] done in 161ms @ http://localhost:3001/_next/static/chunks/16jc_next_dist_1otos7v._.js:2477
[ 2101525ms] [ERROR] Failed to fetch RSC payload for http://localhost:3001/admin/plans. Falling back to browser navigation. Error: Failed to read a RSC payload created by a development version of React on the server while using a production version on the client. Always use matching versions on the server and the client.
    at http://localhost:3001/_next/static/chunks/1i_rrpdov0x9q.js:1:17287
    at t (http://localhost:3001/_next/static/chunks/1i_rrpdov0x9q.js:1:17785) @ http://localhost:3001/_next/static/chunks/1i_rrpdov0x9q.js:0
[ 2101791ms] [INFO] %cDownload the React DevTools for a better development experience: https://react.dev/link/react-devtools font-weight:bold @ http://localhost:3001/_next/static/chunks/16jc_next_dist_1otos7v._.js:2477
[ 2101870ms] [LOG] [HMR] connected @ http://localhost:3001/_next/static/chunks/16jc_next_dist_1otos7v._.js:2477
[16544610ms] [LOG] [HMR] connected @ http://localhost:3001/_next/static/chunks/16jc_next_dist_1otos7v._.js:2477
[21056295ms] [LOG] [HMR] connected @ http://localhost:3001/_next/static/chunks/16jc_next_dist_1otos7v._.js:2477
[21589124ms] [WARNING] Detected `scroll-behavior: smooth` on the `<html>` element. To disable smooth scrolling during route transitions, add `data-scroll-behavior="smooth"` to your <html> element. Learn more: https://nextjs.org/docs/messages/missing-data-scroll-behavior @ http://localhost:3001/_next/static/chunks/16jc_next_dist_1otos7v._.js:2477
[21593620ms] [ERROR] Failed to load resource: the server responded with a status of 500 (Internal Server Error) @ http://localhost:3000/auth/google/callback?iss=https%3A%2F%2Faccounts.google.com&code=4%2F0AXEQxIAeUUJFw_M9ZktFp94-ZMtvvkiya3rKlQ5C-iMYzBiS5Typzu4hO19mSjLHCLZ6WA&scope=email+profile+https%3A%2F%2Fwww.googleapis.com%2Fauth%2Fuserinfo.profile+https%3A%2F%2Fwww.googleapis.com%2Fauth%2Fuserinfo.email+openid&authuser=0&prompt=none:0
[21593663ms] [ERROR] Failed to load resource: the server responded with a status of 404 (Not Found) @ http://localhost:3000/favicon.ico:0
[21596270ms] [INFO] %cDownload the React DevTools for a better development experience: https://react.dev/link/react-devtools font-weight:bold @ http://localhost:3001/_next/static/chunks/16jc_next_dist_1otos7v._.js:2477
[21596357ms] [LOG] [HMR] connected @ http://localhost:3001/_next/static/chunks/16jc_next_dist_1otos7v._.js:2477
[21597581ms] [INFO] %cDownload the React DevTools for a better development experience: https://react.dev/link/react-devtools font-weight:bold @ http://localhost:3001/_next/static/chunks/16jc_next_dist_1otos7v._.js:2477
[21597650ms] [LOG] [HMR] connected @ http://localhost:3001/_next/static/chunks/16jc_next_dist_1otos7v._.js:2477
[21598578ms] [INFO] %cDownload the React DevTools for a better development experience: https://react.dev/link/react-devtools font-weight:bold @ http://localhost:3001/_next/static/chunks/16jc_next_dist_1otos7v._.js:2477
[21598639ms] [LOG] [HMR] connected @ http://localhost:3001/_next/static/chunks/16jc_next_dist_1otos7v._.js:2477
[21599223ms] [INFO] %cDownload the React DevTools for a better development experience: https://react.dev/link/react-devtools font-weight:bold @ http://localhost:3001/_next/static/chunks/16jc_next_dist_1otos7v._.js:2477
[21599261ms] [LOG] [HMR] connected @ http://localhost:3001/_next/static/chunks/16jc_next_dist_1otos7v._.js:2477
[21602914ms] [ERROR] Failed to load resource: the server responded with a status of 500 (Internal Server Error) @ http://localhost:3000/auth/google/callback?iss=https%3A%2F%2Faccounts.google.com&code=4%2F0AXEQxIBM-0KP7SRCJiXknZt-608k7HScmFjFJxqVW20iSOnDUZPDxFRYIp4aDbXMeaD3Yw&scope=email+profile+https%3A%2F%2Fwww.googleapis.com%2Fauth%2Fuserinfo.email+https%3A%2F%2Fwww.googleapis.com%2Fauth%2Fuserinfo.profile+openid&authuser=0&prompt=none:0
