[   24422ms] [INFO] %c[libdiscore] 
font-weight: bold;
color: purple;
 [experiment_manager] Loaded experiments from cache @ https://discord.com/assets/56707.439411ea39eb4c15.js:464
[   24553ms] [LOG] %c[ProcessUtilsElectron] 
font-weight: bold;
color: purple;
 setMemoryInformation not available. @ https://discord.com/assets/56707.439411ea39eb4c15.js:464
[   24824ms] [LOG] %c[default] 
font-weight: bold;
color: purple;
 [BUILD INFO] Release Channel: stable, Build Number: 577742, Version Hash: 2c1ee94395e611e34e0f74cfe08a9f37f984b9ca @ https://discord.com/assets/56707.439411ea39eb4c15.js:464
[   24828ms] [LOG] AppCrashedFatalReport: getLastCrash not supported. @ https://discord.com/assets/56707.439411ea39eb4c15.js:464
[   25041ms] [INFO] %c[libdiscore] 
font-weight: bold;
color: purple;
 The answer for life the universe and everything is: 42 @ https://discord.com/assets/56707.439411ea39eb4c15.js:464
[   25749ms] [ERROR] Failed to load resource: the server responded with a status of 401 () @ https://discord.com/api/v9/promotions?locale=en-US&platform=0:0
[   26665ms] [ERROR] WebSocket connection to 'ws://127.0.0.1:6463/?v=1' failed: Error in connection establishment: net::ERR_CONNECTION_REFUSED @ https://discord.com/assets/web.20db09ca8afa8d1f.js:65
[   26693ms] [ERROR] WebSocket connection to 'ws://127.0.0.1:6464/?v=1' failed: Error in connection establishment: net::ERR_CONNECTION_REFUSED @ https://discord.com/assets/web.20db09ca8afa8d1f.js:65
[   26695ms] [ERROR] WebSocket connection to 'ws://127.0.0.1:6465/?v=1' failed: Error in connection establishment: net::ERR_CONNECTION_REFUSED @ https://discord.com/assets/web.20db09ca8afa8d1f.js:65
[   26697ms] [ERROR] WebSocket connection to 'ws://127.0.0.1:6466/?v=1' failed: Error in connection establishment: net::ERR_CONNECTION_REFUSED @ https://discord.com/assets/web.20db09ca8afa8d1f.js:65
[   26699ms] [ERROR] WebSocket connection to 'ws://127.0.0.1:6467/?v=1' failed: Error in connection establishment: net::ERR_CONNECTION_REFUSED @ https://discord.com/assets/web.20db09ca8afa8d1f.js:65
[   26701ms] [ERROR] WebSocket connection to 'ws://127.0.0.1:6468/?v=1' failed: Error in connection establishment: net::ERR_CONNECTION_REFUSED @ https://discord.com/assets/web.20db09ca8afa8d1f.js:65
[   26708ms] [ERROR] WebSocket connection to 'ws://127.0.0.1:6469/?v=1' failed: Error in connection establishment: net::ERR_CONNECTION_REFUSED @ https://discord.com/assets/web.20db09ca8afa8d1f.js:65
[   26717ms] [ERROR] WebSocket connection to 'ws://127.0.0.1:6470/?v=1' failed: Error in connection establishment: net::ERR_CONNECTION_REFUSED @ https://discord.com/assets/web.20db09ca8afa8d1f.js:65
[   26754ms] [ERROR] WebSocket connection to 'ws://127.0.0.1:6471/?v=1' failed: Error in connection establishment: net::ERR_CONNECTION_REFUSED @ https://discord.com/assets/web.20db09ca8afa8d1f.js:65
[   26820ms] [ERROR] WebSocket connection to 'ws://127.0.0.1:6472/?v=1' failed: Error in connection establishment: net::ERR_CONNECTION_REFUSED @ https://discord.com/assets/web.20db09ca8afa8d1f.js:65
[   27048ms] [ERROR] Failed to load resource: the server responded with a status of 401 () @ https://discord.com/api/v9/auth/logout:0
[   27050ms] [ERROR] Failed to load resource: the server responded with a status of 401 () @ https://discord.com/api/v9/auth/logout:0
[   27051ms] [ERROR] Failed to load resource: the server responded with a status of 401 () @ https://discord.com/api/v9/users/@me?with_analytics_token=true:0
[   27054ms] [LOG] %c[Flux] 
font-weight: bold;
color: purple;
 Dispatching LOGOUT @ https://discord.com/assets/56707.439411ea39eb4c15.js:464
[   27072ms] [LOG] %c[Routing/Utils] 
font-weight: bold;
color: purple;
 transitionTo - Transitioning to /login?redirect_to=%2Foauth2%2Fauthorize%3Fclient_id%3D1524772499424940113%26redirect_uri%3Dhttp%253A%252F%252Flocalhost%253A3000%252Fdiscord%252Fcallback%26response_type%3Dcode%26scope%3Dbot%2Bguilds%26permissions%3D8%26state%3D86f7c533-dfcd-4025-990a-6d7d61f39a78.1784114074057.74b0c0554e12b42f71d29ae096fae8b629c44611c72f302140f57e6f1d0f075a @ https://discord.com/assets/56707.439411ea39eb4c15.js:464
[   27075ms] [INFO] %c[Clips] 
font-weight: bold;
color: purple;
 decider: clear() called — currentSessionGameKey=null currentSessionId=undefined pendingSessionGameKey=null candidates=0 @ https://discord.com/assets/56707.439411ea39eb4c15.js:464
[   27075ms] [INFO] %c[Clips] 
font-weight: bold;
color: purple;
 ranked clips: {allClipsRanked: Array(0), selected: Array(0)} @ https://discord.com/assets/56707.439411ea39eb4c15.js:464
[   27191ms] [LOG] %c[Flux] 
font-weight: bold;
color: purple;
 Dispatching LOGOUT @ https://discord.com/assets/56707.439411ea39eb4c15.js:464
[   27200ms] [LOG] %c[Routing/Utils] 
font-weight: bold;
color: purple;
 transitionTo - Transitioning to /login?redirect_to=%2Foauth2%2Fauthorize%3Fclient_id%3D1524772499424940113%26redirect_uri%3Dhttp%253A%252F%252Flocalhost%253A3000%252Fdiscord%252Fcallback%26response_type%3Dcode%26scope%3Dbot%2Bguilds%26permissions%3D8%26state%3D86f7c533-dfcd-4025-990a-6d7d61f39a78.1784114074057.74b0c0554e12b42f71d29ae096fae8b629c44611c72f302140f57e6f1d0f075a @ https://discord.com/assets/56707.439411ea39eb4c15.js:464
[   27202ms] [INFO] %c[Clips] 
font-weight: bold;
color: purple;
 decider: clear() called — currentSessionGameKey=null currentSessionId=undefined pendingSessionGameKey=null candidates=0 @ https://discord.com/assets/56707.439411ea39eb4c15.js:464
[   27202ms] [INFO] %c[Clips] 
font-weight: bold;
color: purple;
 ranked clips: {allClipsRanked: Array(0), selected: Array(0)} @ https://discord.com/assets/56707.439411ea39eb4c15.js:464
[   27219ms] Object
[   27221ms] Object
[   27709ms] [ERROR] Failed to load resource: the server responded with a status of 401 () @ https://discord.com/api/v9/promotions?locale=en-US&platform=0:0
[   27788ms] [INFO] %c[useAuthWebsocket] 
font-weight: bold;
color: purple;
 [0ms] connecting to wss://remote-auth-gateway.discord.gg/?v=2 @ https://discord.com/assets/56707.439411ea39eb4c15.js:464
[   28508ms] [INFO] %c[useAuthWebsocket] 
font-weight: bold;
color: purple;
 [722ms] got hello, auth timeout=341821ms @ https://discord.com/assets/56707.439411ea39eb4c15.js:464
[   28595ms] [INFO] %c[useAuthWebsocket] 
font-weight: bold;
color: purple;
 [808ms] connected, handshaking with fingerprint: M5WrVboRiTr3gGXZjxa3bzZmTRC7ZZuWC_ctZquP7Zw @ https://discord.com/assets/56707.439411ea39eb4c15.js:464
[   28834ms] [INFO] %c[useAuthWebsocket] 
font-weight: bold;
color: purple;
 [1048ms] computed nonce proof @ https://discord.com/assets/56707.439411ea39eb4c15.js:464
[   29069ms] [INFO] %c[useAuthWebsocket] 
font-weight: bold;
color: purple;
 [1282ms] handshake complete awaiting remote auth. @ https://discord.com/assets/56707.439411ea39eb4c15.js:464
[   32085ms] [WARNING] The resource https://discord.com/assets/189422196a4f8b53.woff2 was preloaded using link preload but not used within a few seconds from the window's load event. Please make sure it has an appropriate `as` value and it is preloaded intentionally. @ https://discord.com/login?redirect_to=%2Foauth2%2Fauthorize%3Fclient_id%3D1524772499424940113%26redirect_uri%3Dhttp%253A%252F%252Flocalhost%253A3000%252Fdiscord%252Fcallback%26response_type%3Dcode%26scope%3Dbot%2Bguilds%26permissions%3D8%26state%3D86f7c533-dfcd-4025-990a-6d7d61f39a78.1784114074057.74b0c0554e12b42f71d29ae096fae8b629c44611c72f302140f57e6f1d0f075a:0
[   32085ms] [WARNING] The resource https://discord.com/assets/ce3b8055f5114434.woff2 was preloaded using link preload but not used within a few seconds from the window's load event. Please make sure it has an appropriate `as` value and it is preloaded intentionally. @ https://discord.com/login?redirect_to=%2Foauth2%2Fauthorize%3Fclient_id%3D1524772499424940113%26redirect_uri%3Dhttp%253A%252F%252Flocalhost%253A3000%252Fdiscord%252Fcallback%26response_type%3Dcode%26scope%3Dbot%2Bguilds%26permissions%3D8%26state%3D86f7c533-dfcd-4025-990a-6d7d61f39a78.1784114074057.74b0c0554e12b42f71d29ae096fae8b629c44611c72f302140f57e6f1d0f075a:0
[   32085ms] [WARNING] The resource https://discord.com/assets/cb2006dbced0e246.woff2 was preloaded using link preload but not used within a few seconds from the window's load event. Please make sure it has an appropriate `as` value and it is preloaded intentionally. @ https://discord.com/login?redirect_to=%2Foauth2%2Fauthorize%3Fclient_id%3D1524772499424940113%26redirect_uri%3Dhttp%253A%252F%252Flocalhost%253A3000%252Fdiscord%252Fcallback%26response_type%3Dcode%26scope%3Dbot%2Bguilds%26permissions%3D8%26state%3D86f7c533-dfcd-4025-990a-6d7d61f39a78.1784114074057.74b0c0554e12b42f71d29ae096fae8b629c44611c72f302140f57e6f1d0f075a:0
[   32085ms] [WARNING] The resource https://discord.com/assets/7a6a566c2e88a35d.woff2 was preloaded using link preload but not used within a few seconds from the window's load event. Please make sure it has an appropriate `as` value and it is preloaded intentionally. @ https://discord.com/login?redirect_to=%2Foauth2%2Fauthorize%3Fclient_id%3D1524772499424940113%26redirect_uri%3Dhttp%253A%252F%252Flocalhost%253A3000%252Fdiscord%252Fcallback%26response_type%3Dcode%26scope%3Dbot%2Bguilds%26permissions%3D8%26state%3D86f7c533-dfcd-4025-990a-6d7d61f39a78.1784114074057.74b0c0554e12b42f71d29ae096fae8b629c44611c72f302140f57e6f1d0f075a:0
[   32085ms] [WARNING] The resource https://discord.com/assets/e52f0cba712e2fb4.woff2 was preloaded using link preload but not used within a few seconds from the window's load event. Please make sure it has an appropriate `as` value and it is preloaded intentionally. @ https://discord.com/login?redirect_to=%2Foauth2%2Fauthorize%3Fclient_id%3D1524772499424940113%26redirect_uri%3Dhttp%253A%252F%252Flocalhost%253A3000%252Fdiscord%252Fcallback%26response_type%3Dcode%26scope%3Dbot%2Bguilds%26permissions%3D8%26state%3D86f7c533-dfcd-4025-990a-6d7d61f39a78.1784114074057.74b0c0554e12b42f71d29ae096fae8b629c44611c72f302140f57e6f1d0f075a:0
[   32085ms] [WARNING] The resource https://discord.com/assets/dd24010f3cf7def7.woff2 was preloaded using link preload but not used within a few seconds from the window's load event. Please make sure it has an appropriate `as` value and it is preloaded intentionally. @ https://discord.com/login?redirect_to=%2Foauth2%2Fauthorize%3Fclient_id%3D1524772499424940113%26redirect_uri%3Dhttp%253A%252F%252Flocalhost%253A3000%252Fdiscord%252Fcallback%26response_type%3Dcode%26scope%3Dbot%2Bguilds%26permissions%3D8%26state%3D86f7c533-dfcd-4025-990a-6d7d61f39a78.1784114074057.74b0c0554e12b42f71d29ae096fae8b629c44611c72f302140f57e6f1d0f075a:0
